Hash-default: 12a3ae445661ce5dee78d0650d33362dec29c4f82af05e7e57fb595bbbacf0ca
