Hash-default: 397e58c42741bda596daded7f27265bf99ff332b8915390063d4952f0a6305a9
