Hash-sha1-1024-1048576: 93c35d56b7a2584d39a45a36ce67ae70e6ebade9
