Hash-default-5%-93%: c38572bd18913fd77976ca525325e53c9efd76322f1f76929bf6874101a1c2b4
