Hash-bcrypt-sha512: $2a$10$Os3dJtJ2aBLFD1h84GTp8euje5YQ/iO6fN8F5oeAgBhwHK0gLldwK
