Hash-default: 4bf5122f344554c53e3cecd3d91803c1b6e08a5e3a6bcdcd5e8b2e6a6cfa1b48
