Hash-default: 30e14955ebf1352266dc2ff8067e68104607e750abb9d3b36582b8af909fcb58
Hash-sha1: 3b71f43ff30f4b15b5cd85dd9e95ebc7e84eb5a3
